// Jest Snapshot v1, https://goo.gl/fbAQLP

exports[`Query.chats should fetch all chats 1`] = `
Object {
  "chats": Array [],
}
`;
